Archive member included to satisfy reference by file (symbol)

/home/dmanh204/.local/share/gcc-arm-none-eabi-10.3-2021.10/bin/../lib/gcc/arm-none-eabi/10.3.1/thumb/v7e-m/nofp/libgcc.a(_arm_mulsf3.o)
                              ./src/main.o (__aeabi_fmul)
/home/dmanh204/.local/share/gcc-arm-none-eabi-10.3-2021.10/bin/../lib/gcc/arm-none-eabi/10.3.1/thumb/v7e-m/nofp/libgcc.a(_arm_addsubdf3.o)
                              ./src/main.o (__aeabi_dsub)
/home/dmanh204/.local/share/gcc-arm-none-eabi-10.3-2021.10/bin/../lib/gcc/arm-none-eabi/10.3.1/thumb/v7e-m/nofp/libgcc.a(_arm_muldivdf3.o)
                              ./src/main.o (__aeabi_ddiv)
/home/dmanh204/.local/share/gcc-arm-none-eabi-10.3-2021.10/bin/../lib/gcc/arm-none-eabi/10.3.1/thumb/v7e-m/nofp/libgcc.a(_arm_truncdfsf2.o)
                              ./src/main.o (__aeabi_d2f)
/home/dmanh204/.local/share/gcc-arm-none-eabi-10.3-2021.10/bin/../lib/gcc/arm-none-eabi/10.3.1/thumb/v7e-m/nofp/libgcc.a(_arm_addsubsf3.o)
                              ./src/main.o (__aeabi_ui2f)
/home/dmanh204/.local/share/gcc-arm-none-eabi-10.3-2021.10/bin/../lib/gcc/arm-none-eabi/10.3.1/thumb/v7e-m/nofp/libgcc.a(_arm_muldivsf3.o)
                              ./src/main.o (__aeabi_fdiv)
/home/dmanh204/.local/share/gcc-arm-none-eabi-10.3-2021.10/bin/../lib/gcc/arm-none-eabi/10.3.1/thumb/v7e-m/nofp/libgcc.a(_aeabi_uldivmod.o)
                              ./system/src/stm32f4-hal/stm32f4xx_hal_rcc.o (__aeabi_uldivmod)
/home/dmanh204/.local/share/gcc-arm-none-eabi-10.3-2021.10/bin/../lib/gcc/arm-none-eabi/10.3.1/thumb/v7e-m/nofp/libgcc.a(_udivmoddi4.o)
                              /home/dmanh204/.local/share/gcc-arm-none-eabi-10.3-2021.10/bin/../lib/gcc/arm-none-eabi/10.3.1/thumb/v7e-m/nofp/libgcc.a(_aeabi_uldivmod.o) (__udivmoddi4)
/home/dmanh204/.local/share/gcc-arm-none-eabi-10.3-2021.10/bin/../lib/gcc/arm-none-eabi/10.3.1/thumb/v7e-m/nofp/libgcc.a(_dvmd_tls.o)
                              /home/dmanh204/.local/share/gcc-arm-none-eabi-10.3-2021.10/bin/../lib/gcc/arm-none-eabi/10.3.1/thumb/v7e-m/nofp/libgcc.a(_aeabi_uldivmod.o) (__aeabi_ldiv0)
/home/dmanh204/.local/share/gcc-arm-none-eabi-10.3-2021.10/bin/../lib/gcc/arm-none-eabi/10.3.1/../../../../arm-none-eabi/lib/thumb/v7e-m/nofp/libg_nano.a(lib_a-errno.o)
                              ./system/src/newlib/sbrk.o (__errno)
/home/dmanh204/.local/share/gcc-arm-none-eabi-10.3-2021.10/bin/../lib/gcc/arm-none-eabi/10.3.1/../../../../arm-none-eabi/lib/thumb/v7e-m/nofp/libg_nano.a(lib_a-impure.o)
                              /home/dmanh204/.local/share/gcc-arm-none-eabi-10.3-2021.10/bin/../lib/gcc/arm-none-eabi/10.3.1/../../../../arm-none-eabi/lib/thumb/v7e-m/nofp/libg_nano.a(lib_a-errno.o) (_impure_ptr)
/home/dmanh204/.local/share/gcc-arm-none-eabi-10.3-2021.10/bin/../lib/gcc/arm-none-eabi/10.3.1/../../../../arm-none-eabi/lib/thumb/v7e-m/nofp/libg_nano.a(lib_a-sprintf.o)
                              ./src/main.o (sprintf)
/home/dmanh204/.local/share/gcc-arm-none-eabi-10.3-2021.10/bin/../lib/gcc/arm-none-eabi/10.3.1/../../../../arm-none-eabi/lib/thumb/v7e-m/nofp/libg_nano.a(lib_a-strlen.o)
                              ./system/src/diag/trace.o (strlen)
/home/dmanh204/.local/share/gcc-arm-none-eabi-10.3-2021.10/bin/../lib/gcc/arm-none-eabi/10.3.1/../../../../arm-none-eabi/lib/thumb/v7e-m/nofp/libg_nano.a(lib_a-vsnprintf.o)
                              ./system/src/diag/trace.o (vsnprintf)
/home/dmanh204/.local/share/gcc-arm-none-eabi-10.3-2021.10/bin/../lib/gcc/arm-none-eabi/10.3.1/../../../../arm-none-eabi/lib/thumb/v7e-m/nofp/libg_nano.a(lib_a-nano-svfprintf.o)
                              /home/dmanh204/.local/share/gcc-arm-none-eabi-10.3-2021.10/bin/../lib/gcc/arm-none-eabi/10.3.1/../../../../arm-none-eabi/lib/thumb/v7e-m/nofp/libg_nano.a(lib_a-sprintf.o) (_svfprintf_r)
/home/dmanh204/.local/share/gcc-arm-none-eabi-10.3-2021.10/bin/../lib/gcc/arm-none-eabi/10.3.1/../../../../arm-none-eabi/lib/thumb/v7e-m/nofp/libg_nano.a(lib_a-nano-vfprintf_i.o)
                              /home/dmanh204/.local/share/gcc-arm-none-eabi-10.3-2021.10/bin/../lib/gcc/arm-none-eabi/10.3.1/../../../../arm-none-eabi/lib/thumb/v7e-m/nofp/libg_nano.a(lib_a-nano-svfprintf.o) (_printf_i)
/home/dmanh204/.local/share/gcc-arm-none-eabi-10.3-2021.10/bin/../lib/gcc/arm-none-eabi/10.3.1/../../../../arm-none-eabi/lib/thumb/v7e-m/nofp/libg_nano.a(lib_a-memchr.o)
                              /home/dmanh204/.local/share/gcc-arm-none-eabi-10.3-2021.10/bin/../lib/gcc/arm-none-eabi/10.3.1/../../../../arm-none-eabi/lib/thumb/v7e-m/nofp/libg_nano.a(lib_a-nano-svfprintf.o) (memchr)
/home/dmanh204/.local/share/gcc-arm-none-eabi-10.3-2021.10/bin/../lib/gcc/arm-none-eabi/10.3.1/../../../../arm-none-eabi/lib/thumb/v7e-m/nofp/libg_nano.a(lib_a-memcpy-stub.o)
[...]
Memory Configuration

Name             Origin             Length             Attributes
RAM              0x0000000020000000 0x0000000000008000 xrw
CCMRAM           0x0000000010000000 0x0000000000000000 xrw
FLASH            0x0000000008000000 0x0000000000100000 xr
FLASHB1          0x0000000000000000 0x0000000000000000 xr
EXTMEMB0         0x0000000000000000 0x0000000000000000 xr
EXTMEMB1         0x0000000000000000 0x0000000000000000 xr
EXTMEMB2         0x0000000000000000 0x0000000000000000 xr
EXTMEMB3         0x0000000000000000 0x0000000000000000 xr
*default*        0x0000000000000000 0xffffffffffffffff

Linker script and memory map

LOAD ./system/src/stm32f4-hal/stm32f4xx_hal.o
LOAD ./system/src/stm32f4-hal/stm32f4xx_hal_cortex.o
LOAD ./system/src/stm32f4-hal/stm32f4xx_hal_flash.o
LOAD ./system/src/stm32f4-hal/stm32f4xx_hal_flash_ex.o
LOAD ./system/src/stm32f4-hal/stm32f4xx_hal_flash_ramfunc.o
LOAD ./system/src/stm32f4-hal/stm32f4xx_hal_gpio.o
LOAD ./system/src/stm32f4-hal/stm32f4xx_hal_iwdg.o
LOAD ./system/src/stm32f4-hal/stm32f4xx_hal_pwr.o
LOAD ./system/src/stm32f4-hal/stm32f4xx_hal_rcc.o
LOAD ./system/src/newlib/assert.o
LOAD ./system/src/newlib/cxx.o
LOAD ./system/src/newlib/exit.o
LOAD ./system/src/newlib/sbrk.o
LOAD ./system/src/newlib/startup.o
LOAD ./system/src/newlib/syscalls.o
LOAD ./system/src/diag/trace-impl.o
LOAD ./system/src/diag/trace.o
LOAD ./system/src/cortexm/exception-handlers.o
LOAD ./system/src/cortexm/initialize-hardware.o
LOAD ./system/src/cortexm/reset-hardware.o
LOAD ./system/src/cmsis/system_stm32f4xx.o
LOAD ./system/src/cmsis/vectors_stm32f410rx.o
LOAD ./src/initialize-hardware.o
LOAD ./src/main.o
LOAD ./src/stm32f4xx_hal_adc.o
LOAD ./src/stm32f4xx_hal_msp.o
LOAD ./src/stm32f4xx_hal_uart.o
LOAD ./src/write.o
LOAD /home/dmanh204/.local/share/gcc-arm-none-eabi-10.3-2021.10/bin/../lib/gcc/arm-none-eabi/10.3.1/../../../../arm-none-eabi/lib/thumb/v7e-m/nofp/libstdc++_nano.a
LOAD /home/dmanh204/.local/share/gcc-arm-none-eabi-10.3-2021.10/bin/../lib/gcc/arm-none-eabi/10.3.1/../../../../arm-none-eabi/lib/thumb/v7e-m/nofp/libm.a
START GROUP
LOAD /home/dmanh204/.local/share/gcc-arm-none-eabi-10.3-2021.10/bin/../lib/gcc/arm-none-eabi/10.3.1/thumb/v7e-m/nofp/libgcc.a
LOAD /home/dmanh204/.local/share/gcc-arm-none-eabi-10.3-2021.10/bin/../lib/gcc/arm-none-eabi/10.3.1/../../../../arm-none-eabi/lib/thumb/v7e-m/nofp/libg_nano.a
LOAD /home/dmanh204/.local/share/gcc-arm-none-eabi-10.3-2021.10/bin/../lib/gcc/arm-none-eabi/10.3.1/../../../../arm-none-eabi/lib/thumb/v7e-m/nofp/libc_nano.a
END GROUP
START GROUP
LOAD /home/dmanh204/.local/share/gcc-arm-none-eabi-10.3-2021.10/bin/../lib/gcc/arm-none-eabi/10.3.1/thumb/v7e-m/nofp/libgcc.a
LOAD /home/dmanh204/.local/share/gcc-arm-none-eabi-10.3-2021.10/bin/../lib/gcc/arm-none-eabi/10.3.1/../../../../arm-none-eabi/lib/thumb/v7e-m/nofp/libc_nano.a
END GROUP
                0x0000000020008000                __stack = (ORIGIN (RAM) + LENGTH (RAM))
                0x0000000020008000                _estack = __stack
                0x0000000000000400                __Main_Stack_Size = 0x400
                [!provide]                        PROVIDE (_Main_Stack_Size = __Main_Stack_Size)
                0x0000000020007c00                __Main_Stack_Limit = (__stack - __Main_Stack_Size)
                [!provide]                        PROVIDE (_Main_Stack_Limit = __Main_Stack_Limit)
                0x0000000000000100                _Minimum_Stack_Size = 0x100
                0x00000000200001ac                PROVIDE (_Heap_Begin = _end_noinit)
                0x0000000020007c00                PROVIDE (_Heap_Limit = (__stack - __Main_Stack_Size))

.isr_vector     0x0000000008000000      0x428
 FILL mask 0xff
                0x0000000008000000                __vectors_start = ABSOLUTE (.)
                0x0000000008000000                __vectors_start__ = ABSOLUTE (.)
 *(.isr_vector)
 .isr_vector    0x0000000008000000      0x1c8 ./system/src/cmsis/vectors_stm32f410rx.o
                0x0000000008000000                __isr_vectors
 *(.cfmconfig)
 *(.after_vectors .after_vectors.*)
 .after_vectors
                0x00000000080001c8      0x130 ./system/src/newlib/startup.o
                0x00000000080001c8                _start
 .after_vectors
                0x00000000080002f8      0x12c ./system/src/cortexm/exception-handlers.o
                0x00000000080002f8                Reset_Handler
                0x00000000080002fe                NMI_Handler
                0x0000000008000302                HardFault_Handler
                0x0000000008000316                HardFault_Handler_C
                0x0000000008000374                MemManage_Handler
                0x0000000008000378                BusFault_Handler
                0x000000000800038c                BusFault_Handler_C
                0x00000000080003c0                UsageFault_Handler
                0x00000000080003d4                UsageFault_Handler_C
                0x0000000008000408                SVC_Handler
                0x000000000800040c                DebugMon_Handler
                0x0000000008000410                PendSV_Handler
                0x0000000008000414                SysTick_Handler
 .after_vectors
                0x0000000008000424        0x4 ./system/src/cmsis/vectors_stm32f410rx.o
                0x0000000008000424                RTC_Alarm_IRQHandler
                0x0000000008000424                EXTI2_IRQHandler
                0x0000000008000424                FMPI2C1_EV_IRQHandler
                0x0000000008000424                TIM1_CC_IRQHandler
                0x0000000008000424                DMA2_Stream5_IRQHandler
                0x0000000008000424                DMA1_Stream5_IRQHandler
                0x0000000008000424                PVD_IRQHandler
                0x0000000008000424                TAMP_STAMP_IRQHandler
                0x0000000008000424                EXTI3_IRQHandler
                0x0000000008000424                EXTI0_IRQHandler
                0x0000000008000424                I2C2_EV_IRQHandler
                0x0000000008000424                DMA1_Stream2_IRQHandler
                0x0000000008000424                FPU_IRQHandler
                0x0000000008000424                DMA2_Stream2_IRQHandler
                0x0000000008000424                SPI1_IRQHandler
                0x0000000008000424                TIM6_DAC_IRQHandler
                0x0000000008000424                TIM1_BRK_TIM9_IRQHandler
                0x0000000008000424                DMA2_Stream3_IRQHandler
                0x0000000008000424                USART6_IRQHandler
                0x0000000008000424                DMA2_Stream0_IRQHandler
                0x0000000008000424                I2C1_EV_IRQHandler
                0x0000000008000424                DMA1_Stream6_IRQHandler
                0x0000000008000424                DMA1_Stream1_IRQHandler
                0x0000000008000424                RCC_IRQHandler
                0x0000000008000424                Default_Handler
                0x0000000008000424                EXTI15_10_IRQHandler
                0x0000000008000424                ADC_IRQHandler
                0x0000000008000424                DMA1_Stream7_IRQHandler
                0x0000000008000424                SPI5_IRQHandler
                0x0000000008000424                TIM5_IRQHandler
                0x0000000008000424                DMA2_Stream7_IRQHandler
                0x0000000008000424                EXTI9_5_IRQHandler
                0x0000000008000424                RTC_WKUP_IRQHandler
                0x0000000008000424                SPI2_IRQHandler
                0x0000000008000424                DMA1_Stream0_IRQHandler
                0x0000000008000424                FMPI2C1_ER_IRQHandler
                0x0000000008000424                EXTI4_IRQHandler
                0x0000000008000424                RNG_IRQHandler
                0x0000000008000424                TIM1_UP_IRQHandler
                0x0000000008000424                WWDG_IRQHandler
                0x0000000008000424                TIM1_TRG_COM_TIM11_IRQHandler
                0x0000000008000424                EXTI1_IRQHandler
                0x0000000008000424                USART2_IRQHandler
                0x0000000008000424                I2C2_ER_IRQHandler
                0x0000000008000424                DMA2_Stream1_IRQHandler
                0x0000000008000424                FLASH_IRQHandler
                0x0000000008000424                DMA2_Stream4_IRQHandler
                0x0000000008000424                USART1_IRQHandler
                0x0000000008000424                DMA1_Stream4_IRQHandler
                0x0000000008000424                I2C1_ER_IRQHandler
                0x0000000008000424                LPTIM1_IRQHandler
                0x0000000008000424                DMA2_Stream6_IRQHandler
                0x0000000008000424                DMA1_Stream3_IRQHandler

.inits          0x0000000008000428       0x28
                0x0000000008000428                __data_regions_array_start = .
                0x0000000008000428        0x4 LONG 0x8003760 LOADADDR (.data)
                0x000000000800042c        0x4 LONG 0x20000000 ADDR (.data)
                0x0000000008000430        0x4 LONG 0x20000080 (ADDR (.data) + SIZEOF (.data))
                0x0000000008000434        0x4 LONG 0x8003760 LOADADDR (.data_CCMRAM)
                0x0000000008000438        0x4 LONG 0x10000000 ADDR (.data_CCMRAM)
                0x000000000800043c        0x4 LONG 0x10000000 (ADDR (.data_CCMRAM) + SIZEOF (.data_CCMRAM))
                0x0000000008000440                __data_regions_array_end = .
                0x0000000008000440                __bss_regions_array_start = .
                0x0000000008000440        0x4 LONG 0x20000080 ADDR (.bss)
                0x0000000008000444        0x4 LONG 0x200001ac (ADDR (.bss) + SIZEOF (.bss))
                0x0000000008000448        0x4 LONG 0x10000000 ADDR (.bss_CCMRAM)
                0x000000000800044c        0x4 LONG 0x10000000 (ADDR (.bss_CCMRAM) + SIZEOF (.bss_CCMRAM))
                0x0000000008000450                __bss_regions_array_end = .
 *(.init)
 *(.fini)
                0x0000000008000450                . = ALIGN (0x4)
                0x0000000008000450                PROVIDE (__preinit_array_start = .)
 *(.preinit_array_sysinit .preinit_array_sysinit.*)
 *(.preinit_array_platform .preinit_array_platform.*)
 *(.preinit_array .preinit_array.*)
                0x0000000008000450                PROVIDE (__preinit_array_end = .)
                0x0000000008000450                . = ALIGN (0x4)
                0x0000000008000450                PROVIDE (__init_array_start = .)
 *(SORT_BY_NAME(.init_array.*))
 *(.init_array)
                0x0000000008000450                PROVIDE (__init_array_end = .)
                0x0000000008000450                . = ALIGN (0x4)
                0x0000000008000450                PROVIDE (__fini_array_start = .)
 *(SORT_BY_NAME(.fini_array.*))
 *(.fini_array)
                0x0000000008000450                PROVIDE (__fini_array_end = .)

.flashtext
 *(.flashtext .flashtext.*)

.text           0x0000000008000450     0x3306
 *(.text .text.*)
 .text.HAL_InitTick
                0x0000000008000450       0x4c ./system/src/stm32f4-hal/stm32f4xx_hal.o
                0x0000000008000450                HAL_InitTick
 .text.HAL_Init
                0x000000000800049c       0x34 ./system/src/stm32f4-hal/stm32f4xx_hal.o
                0x000000000800049c                HAL_Init
 .text.HAL_GetTick
                0x00000000080004d0        0xc ./system/src/stm32f4-hal/stm32f4xx_hal.o
                0x00000000080004d0                HAL_GetTick
 .text.HAL_NVIC_SetPriorityGrouping
                0x00000000080004dc       0x3c ./system/src/stm32f4-hal/stm32f4xx_hal_cortex.o
                0x00000000080004dc                HAL_NVIC_SetPriorityGrouping
 .text.HAL_NVIC_SetPriority
                0x0000000008000518       0x8c ./system/src/stm32f4-hal/stm32f4xx_hal_cortex.o
                0x0000000008000518                HAL_NVIC_SetPriority
 .text.HAL_SYSTICK_Config
                0x00000000080005a4       0x28 ./system/src/stm32f4-hal/stm32f4xx_hal_cortex.o
                0x00000000080005a4                HAL_SYSTICK_Config
 .text.HAL_SYSTICK_CLKSourceConfig
                0x00000000080005cc       0x3c ./system/src/stm32f4-hal/stm32f4xx_hal_cortex.o
                0x00000000080005cc                HAL_SYSTICK_CLKSourceConfig
 .text.HAL_RCC_OscConfig
                0x0000000008000608      0x4f0 ./system/src/stm32f4-hal/stm32f4xx_hal_rcc.o
                0x0000000008000608                HAL_RCC_OscConfig
 .text.HAL_RCC_GetSysClockFreq
                0x0000000008000af8       0xd4 ./system/src/stm32f4-hal/stm32f4xx_hal_rcc.o
                0x0000000008000af8                HAL_RCC_GetSysClockFreq
 .text.HAL_RCC_ClockConfig
                0x0000000008000bcc      0x21c ./system/src/stm32f4-hal/stm32f4xx_hal_rcc.o
                0x0000000008000bcc                HAL_RCC_ClockConfig
 .text.HAL_RCC_GetHCLKFreq
                0x0000000008000de8        0xc ./system/src/stm32f4-hal/stm32f4xx_hal_rcc.o
                0x0000000008000de8                HAL_RCC_GetHCLKFreq
 .text._exit    0x0000000008000df4        0x2 ./system/src/newlib/exit.o
                0x0000000008000df4                _exit
 *fill*         0x0000000008000df6        0x2 
 .text._sbrk    0x0000000008000df8       0x44 ./system/src/newlib/sbrk.o
                0x0000000008000df8                _sbrk
 .text.__initialize_args
                0x0000000008000e3c       0x10 ./system/src/newlib/syscalls.o
                0x0000000008000e3c                __initialize_args
 .text._trace_write_semihosting_debug
                0x0000000008000e4c       0x62 ./system/src/diag/trace-impl.o
 .text.trace_write
                0x0000000008000eae        0x8 ./system/src/diag/trace-impl.o
                0x0000000008000eae                trace_write
 *fill*         0x0000000008000eb6        0x2 
 .text.trace_printf
                0x0000000008000eb8       0x34 ./system/src/diag/trace.o
                0x0000000008000eb8                trace_printf
 .text.dumpExceptionStack
                0x0000000008000eec       0xf4 ./system/src/cortexm/exception-handlers.o
                0x0000000008000eec                dumpExceptionStack
 .text.isSemihosting
                0x0000000008000fe0       0x20 ./system/src/cortexm/exception-handlers.o
                0x0000000008000fe0                isSemihosting
 .text.__initialize_hardware_early
                0x0000000008001000       0x18 ./system/src/cortexm/initialize-hardware.o
                0x0000000008001000                __initialize_hardware_early
 .text.SystemInit
                0x0000000008001018       0x10 ./system/src/cmsis/system_stm32f4xx.o
                0x0000000008001018                SystemInit
 .text.SystemCoreClockUpdate
                0x0000000008001028       0xa0 ./system/src/cmsis/system_stm32f4xx.o
                0x0000000008001028                SystemCoreClockUpdate
 .text.SystemClock_Config
                0x00000000080010c8       0xa0 ./src/initialize-hardware.o
                0x00000000080010c8                SystemClock_Config
 .text.__initialize_hardware
                0x0000000008001168       0x10 ./src/initialize-hardware.o
                0x0000000008001168                __initialize_hardware
 .text.assert_failed
                0x0000000008001178       0x14 ./src/initialize-hardware.o
                0x0000000008001178                assert_failed
 .text.MX_ADC1_Init
                0x000000000800118c       0x64 ./src/main.o
 .text.main     0x00000000080011f0       0xc8 ./src/main.o
                0x00000000080011f0                main
 .text.ADC_Init
                0x00000000080012b8      0x150 ./src/stm32f4xx_hal_adc.o
 .text.HAL_ADC_MspInit
                0x0000000008001408        0x2 ./src/stm32f4xx_hal_adc.o
                0x0000000008001408                HAL_ADC_MspInit
 *fill*         0x000000000800140a        0x2 
 .text.HAL_ADC_Init
                0x000000000800140c      0x1e4 ./src/stm32f4xx_hal_adc.o
                0x000000000800140c                HAL_ADC_Init
 .text.HAL_ADC_Start
                0x00000000080015f0      0x134 ./src/stm32f4xx_hal_adc.o
                0x00000000080015f0                HAL_ADC_Start
 .text.HAL_ADC_PollForConversion
                0x0000000008001724       0xac ./src/stm32f4xx_hal_adc.o
                0x0000000008001724                HAL_ADC_PollForConversion
 .text.HAL_ADC_GetValue
                0x00000000080017d0        0x6 ./src/stm32f4xx_hal_adc.o
                0x00000000080017d0                HAL_ADC_GetValue
 *fill*         0x00000000080017d6        0x2 
 .text.HAL_ADC_ConfigChannel
                0x00000000080017d8      0x1cc ./src/stm32f4xx_hal_adc.o
                0x00000000080017d8                HAL_ADC_ConfigChannel
 .text.HAL_MspInit
                0x00000000080019a4        0x2 ./src/stm32f4xx_hal_msp.o
                0x00000000080019a4                HAL_MspInit
 .text.UART_WaitOnFlagUntilTimeout
                0x00000000080019a6       0x6c ./src/stm32f4xx_hal_uart.o
 .text.HAL_UART_Transmit
                0x0000000008001a12       0xe0 ./src/stm32f4xx_hal_uart.o
                0x0000000008001a12                HAL_UART_Transmit
 *fill*         0x0000000008001af2        0x2 
 .text          0x0000000008001af4      0x378 /home/dmanh204/.local/share/gcc-arm-none-eabi-10.3-2021.10/bin/../lib/gcc/arm-none-eabi/10.3.1/thumb/v7e-m/nofp/libgcc.a(_arm_addsubdf3.o)
                0x0000000008001af4                __aeabi_drsub
                0x0000000008001afc                __aeabi_dsub
                0x0000000008001afc                __subdf3
                0x0000000008001b00                __adddf3
                0x0000000008001b00                __aeabi_dadd
                0x0000000008001d78                __aeabi_ui2d
                0x0000000008001d78                __floatunsidf
                0x0000000008001d98                __floatsidf
                0x0000000008001d98                __aeabi_i2d
                0x0000000008001dbc                __extendsfdf2
                0x0000000008001dbc                __aeabi_f2d
                0x0000000008001e00                __aeabi_ul2d
                0x0000000008001e00                __floatundidf
                0x0000000008001e10                __floatdidf
                0x0000000008001e10                __aeabi_l2d
 .text          0x0000000008001e6c      0x424 /home/dmanh204/.local/share/gcc-arm-none-eabi-10.3-2021.10/bin/../lib/gcc/arm-none-eabi/10.3.1/thumb/v7e-m/nofp/libgcc.a(_arm_muldivdf3.o)
                0x0000000008001e6c                __aeabi_dmul
                0x0000000008001e6c                __muldf3
                0x00000000080020c0                __aeabi_ddiv
                0x00000000080020c0                __divdf3
 .text          0x0000000008002290       0xa0 /home/dmanh204/.local/share/gcc-arm-none-eabi-10.3-2021.10/bin/../lib/gcc/arm-none-eabi/10.3.1/thumb/v7e-m/nofp/libgcc.a(_arm_truncdfsf2.o)
                0x0000000008002290                __aeabi_d2f
                0x0000000008002290                __truncdfsf2
 .text          0x0000000008002330      0x21c /home/dmanh204/.local/share/gcc-arm-none-eabi-10.3-2021.10/bin/../lib/gcc/arm-none-eabi/10.3.1/thumb/v7e-m/nofp/libgcc.a(_arm_addsubsf3.o)
                0x0000000008002330                __aeabi_frsub
                0x0000000008002338                __subsf3
                0x0000000008002338                __aeabi_fsub
                0x000000000800233c                __aeabi_fadd
                0x000000000800233c                __addsf3
                0x000000000800249c                __aeabi_ui2f
                0x000000000800249c                __floatunsisf
                0x00000000080024a4                __aeabi_i2f
                0x00000000080024a4                __floatsisf
                0x00000000080024c0                __floatundisf
                0x00000000080024c0                __aeabi_ul2f
                0x00000000080024d0                __floatdisf
                0x00000000080024d0                __aeabi_l2f
 .text          0x000000000800254c      0x2a0 /home/dmanh204/.local/share/gcc-arm-none-eabi-10.3-2021.10/bin/../lib/gcc/arm-none-eabi/10.3.1/thumb/v7e-m/nofp/libgcc.a(_arm_muldivsf3.o)
                0x000000000800254c                __mulsf3
                0x000000000800254c                __aeabi_fmul
                0x00000000080026b4                __divsf3
                0x00000000080026b4                __aeabi_fdiv
 .text          0x00000000080027ec       0x30 /home/dmanh204/.local/share/gcc-arm-none-eabi-10.3-2021.10/bin/../lib/gcc/arm-none-eabi/10.3.1/thumb/v7e-m/nofp/libgcc.a(_aeabi_uldivmod.o)
                0x00000000080027ec                __aeabi_uldivmod
 .text          0x000000000800281c      0x2d0 /home/dmanh204/.local/share/gcc-arm-none-eabi-10.3-2021.10/bin/../lib/gcc/arm-none-eabi/10.3.1/thumb/v7e-m/nofp/libgcc.a(_udivmoddi4.o)
                0x000000000800281c                __udivmoddi4
 .text          0x0000000008002aec        0x4 /home/dmanh204/.local/share/gcc-arm-none-eabi-10.3-2021.10/bin/../lib/gcc/arm-none-eabi/10.3.1/thumb/v7e-m/nofp/libgcc.a(_dvmd_tls.o)
                0x0000000008002aec                __aeabi_ldiv0
                0x0000000008002aec                __aeabi_idiv0
 .text.__errno  0x0000000008002af0        0xc /home/dmanh204/.local/share/gcc-arm-none-eabi-10.3-2021.10/bin/../lib/gcc/arm-none-eabi/10.3.1/../../../../arm-none-eabi/lib/thumb/v7e-m/nofp/libg_nano.a(lib_a-errno.o)
                0x0000000008002af0                __errno
 .text.sprintf  0x0000000008002afc       0x40 /home/dmanh204/.local/share/gcc-arm-none-eabi-10.3-2021.10/bin/../lib/gcc/arm-none-eabi/10.3.1/../../../../arm-none-eabi/lib/thumb/v7e-m/nofp/libg_nano.a(lib_a-sprintf.o)
                0x0000000008002afc                sprintf
                0x0000000008002afc                siprintf
 .text          0x0000000008002b3c       0x10 /home/dmanh204/.local/share/gcc-arm-none-eabi-10.3-2021.10/bin/../lib/gcc/arm-none-eabi/10.3.1/../../../../arm-none-eabi/lib/thumb/v7e-m/nofp/libg_nano.a(lib_a-strlen.o)
                0x0000000008002b3c                strlen
 .text._vsnprintf_r
                0x0000000008002b4c       0x56 /home/dmanh204/.local/share/gcc-arm-none-eabi-10.3-2021.10/bin/../lib/gcc/arm-none-eabi/10.3.1/../../../../arm-none-eabi/lib/thumb/v7e-m/nofp/libg_nano.a(lib_a-vsnprintf.o)
                0x0000000008002b4c                _vsnprintf_r
                0x0000000008002b4c                _vsniprintf_r
 *fill*         0x0000000008002ba2        0x2 
 .text.vsnprintf
                0x0000000008002ba4       0x1c /home/dmanh204/.local/share/gcc-arm-none-eabi-10.3-2021.10/bin/../lib/gcc/arm-none-eabi/10.3.1/../../../../arm-none-eabi/lib/thumb/v7e-m/nofp/libg_nano.a(lib_a-vsnprintf.o)
                0x0000000008002ba4                vsnprintf
                0x0000000008002ba4                vsniprintf
 .text.__ssputs_r
                0x0000000008002bc0       0xb6 /home/dmanh204/.local/share/gcc-arm-none-eabi-10.3-2021.10/bin/../lib/gcc/arm-none-eabi/10.3.1/../../../../arm-none-eabi/lib/thumb/v7e-m/nofp/libg_nano.a(lib_a-nano-svfprintf.o)
                0x0000000008002bc0                __ssputs_r
 *fill*         0x0000000008002c76        0x2 
 .text._svfprintf_r
                0x0000000008002c78      0x200 /home/dmanh204/.local/share/gcc-arm-none-eabi-10.3-2021.10/bin/../lib/gcc/arm-none-eabi/10.3.1/../../../../arm-none-eabi/lib/thumb/v7e-m/nofp/libg_nano.a(lib_a-nano-svfprintf.o)
                0x0000000008002c78                _svfprintf_r
                0x0000000008002c78                _svfiprintf_r
 .text._printf_common
                0x0000000008002e78       0xda /home/dmanh204/.local/share/gcc-arm-none-eabi-10.3-2021.10/bin/../lib/gcc/arm-none-eabi/10.3.1/../../../../arm-none-eabi/lib/thumb/v7e-m/nofp/libg_nano.a(lib_a-nano-vfprintf_i.o)
                0x0000000008002e78                _printf_common
 *fill*         0x0000000008002f52        0x2 
 .text._printf_i
                0x0000000008002f54      0x24c /home/dmanh204/.local/share/gcc-arm-none-eabi-10.3-2021.10/bin/../lib/gcc/arm-none-eabi/10.3.1/../../../../arm-none-eabi/lib/thumb/v7e-m/nofp/libg_nano.a(lib_a-nano-vfprintf_i.o)
                0x0000000008002f54                _printf_i
 .text          0x00000000080031a0       0xa0 /home/dmanh204/.local/share/gcc-arm-none-eabi-10.3-2021.10/bin/../lib/gcc/arm-none-eabi/10.3.1/../../../../arm-none-eabi/lib/thumb/v7e-m/nofp/libg_nano.a(lib_a-memchr.o)
                0x00000000080031a0                memchr
 .text.memcpy   0x0000000008003240       0x1c /home/dmanh204/.local/share/gcc-arm-none-eabi-10.3-2021.10/bin/../lib/gcc/arm-none-eabi/10.3.1/../../../../arm-none-eabi/lib/thumb/v7e-m/nofp/libg_nano.a(lib_a-memcpy-stub.o)
                0x0000000008003240                memcpy
 .text.memmove  0x000000000800325c       0x34 /home/dmanh204/.local/share/gcc-arm-none-eabi-10.3-2021.10/bin/../lib/gcc/arm-none-eabi/10.3.1/../../../../arm-none-eabi/lib/thumb/v7e-m/nofp/libg_nano.a(lib_a-memmove.o)
                0x000000000800325c                memmove
 .text._free_r  0x0000000008003290       0x94 /home/dmanh204/.local/share/gcc-arm-none-eabi-10.3-2021.10/bin/../lib/gcc/arm-none-eabi/10.3.1/../../../../arm-none-eabi/lib/thumb/v7e-m/nofp/libg_nano.a(lib_a-nano-freer.o)
                0x0000000008003290                _free_r
 .text.sbrk_aligned
                0x0000000008003324       0x40 /home/dmanh204/.local/share/gcc-arm-none-eabi-10.3-2021.10/bin/../lib/gcc/arm-none-eabi/10.3.1/../../../../arm-none-eabi/lib/thumb/v7e-m/nofp/libg_nano.a(lib_a-nano-mallocr.o)
 .text._malloc_r
                0x0000000008003364       0xe8 /home/dmanh204/.local/share/gcc-arm-none-eabi-10.3-2021.10/bin/../lib/gcc/arm-none-eabi/10.3.1/../../../../arm-none-eabi/lib/thumb/v7e-m/nofp/libg_nano.a(lib_a-nano-mallocr.o)
                0x0000000008003364                _malloc_r
 .text._realloc_r
                0x000000000800344c       0x5e /home/dmanh204/.local/share/gcc-arm-none-eabi-10.3-2021.10/bin/../lib/gcc/arm-none-eabi/10.3.1/../../../../arm-none-eabi/lib/thumb/v7e-m/nofp/libg_nano.a(lib_a-nano-reallocr.o)
                0x000000000800344c                _realloc_r
 *fill*         0x00000000080034aa        0x2 
 .text._sbrk_r  0x00000000080034ac       0x20 /home/dmanh204/.local/share/gcc-arm-none-eabi-10.3-2021.10/bin/../lib/gcc/arm-none-eabi/10.3.1/../../../../arm-none-eabi/lib/thumb/v7e-m/nofp/libg_nano.a(lib_a-sbrkr.o)
                0x00000000080034ac                _sbrk_r
 .text.__malloc_lock
                0x00000000080034cc        0xc /home/dmanh204/.local/share/gcc-arm-none-eabi-10.3-2021.10/bin/../lib/gcc/arm-none-eabi/10.3.1/../../../../arm-none-eabi/lib/thumb/v7e-m/nofp/libg_nano.a(lib_a-mlock.o)
                0x00000000080034cc                __malloc_lock
 .text.__malloc_unlock
                0x00000000080034d8        0xc /home/dmanh204/.local/share/gcc-arm-none-eabi-10.3-2021.10/bin/../lib/gcc/arm-none-eabi/10.3.1/../../../../arm-none-eabi/lib/thumb/v7e-m/nofp/libg_nano.a(lib_a-mlock.o)
                0x00000000080034d8                __malloc_unlock
 .text._malloc_usable_size_r
                0x00000000080034e4       0x10 /home/dmanh204/.local/share/gcc-arm-none-eabi-10.3-2021.10/bin/../lib/gcc/arm-none-eabi/10.3.1/../../../../arm-none-eabi/lib/thumb/v7e-m/nofp/libg_nano.a(lib_a-nano-msizer.o)
                0x00000000080034e4                _malloc_usable_size_r
 .text.__retarget_lock_acquire_recursive
                0x00000000080034f4        0x2 /home/dmanh204/.local/share/gcc-arm-none-eabi-10.3-2021.10/bin/../lib/gcc/arm-none-eabi/10.3.1/../../../../arm-none-eabi/lib/thumb/v7e-m/nofp/libg_nano.a(lib_a-lock.o)
                0x00000000080034f4                __retarget_lock_acquire_recursive
 .text.__retarget_lock_release_recursive
                0x00000000080034f6        0x2 /home/dmanh204/.local/share/gcc-arm-none-eabi-10.3-2021.10/bin/../lib/gcc/arm-none-eabi/10.3.1/../../../../arm-none-eabi/lib/thumb/v7e-m/nofp/libg_nano.a(lib_a-lock.o)
                0x00000000080034f6                __retarget_lock_release_recursive
 *(.rodata .rodata.* .constdata .constdata.*)
 .rodata.HAL_NVIC_SetPriorityGrouping.str1.4
                0x00000000080034f8       0x31 ./system/src/stm32f4-hal/stm32f4xx_hal_cortex.o
 *fill*         0x0000000008003529        0x3 
 .rodata.HAL_RCC_OscConfig.str1.4
                0x000000000800352c       0x2e ./system/src/stm32f4-hal/stm32f4xx_hal_rcc.o
 *fill*         0x000000000800355a        0x2 
 .rodata.dumpExceptionStack.str1.4
                0x000000000800355c      0x11a ./system/src/cortexm/exception-handlers.o
 *fill*         0x0000000008003676        0x2 
 .rodata.str1.4
                0x0000000008003678       0x2a ./system/src/cortexm/exception-handlers.o
 *fill*         0x00000000080036a2        0x2 
 .rodata.AHBPrescTable
                0x00000000080036a4       0x10 ./system/src/cmsis/system_stm32f4xx.o
                0x00000000080036a4                AHBPrescTable
 .rodata.assert_failed.str1.4
                0x00000000080036b4       0x2d ./src/initialize-hardware.o
 *fill*         0x00000000080036e1        0x3 
 .rodata.main.str1.4
                0x00000000080036e4       0x22 ./src/main.o
 *fill*         0x0000000008003706        0x2 
 .rodata.ADC_Init.str1.4
                0x0000000008003708       0x1b ./src/stm32f4xx_hal_adc.o
 .rodata._svfprintf_r.str1.1
                0x0000000008003723       0x11 /home/dmanh204/.local/share/gcc-arm-none-eabi-10.3-2021.10/bin/../lib/gcc/arm-none-eabi/10.3.1/../../../../arm-none-eabi/lib/thumb/v7e-m/nofp/libg_nano.a(lib_a-nano-svfprintf.o)
 .rodata._printf_i.str1.1
                0x0000000008003734       0x22 /home/dmanh204/.local/share/gcc-arm-none-eabi-10.3-2021.10/bin/../lib/gcc/arm-none-eabi/10.3.1/../../../../arm-none-eabi/lib/thumb/v7e-m/nofp/libg_nano.a(lib_a-nano-vfprintf_i.o)
 *(vtable)
 *(.eh_frame*)
 *(.glue_7)
 .glue_7        0x0000000008003756        0x0 linker stubs
 *(.glue_7t)
 .glue_7t       0x0000000008003756        0x0 linker stubs

.vfp11_veneer   0x0000000008003758        0x0
 .vfp11_veneer  0x0000000008003758        0x0 linker stubs

.v4_bx          0x0000000008003758        0x0
 .v4_bx         0x0000000008003758        0x0 linker stubs

.iplt           0x0000000008003758        0x0
 .iplt          0x0000000008003758        0x0 ./system/src/stm32f4-hal/stm32f4xx_hal.o

.ARM.extab
 *(.ARM.extab* .gnu.linkonce.armextab.*)
                0x0000000008003758                . = ALIGN (0x4)
                0x0000000008003758                __exidx_start = .

.ARM.exidx      0x0000000008003758        0x8
 *(.ARM.exidx* .gnu.linkonce.armexidx.*)
 .ARM.exidx     0x0000000008003758        0x8 /home/dmanh204/.local/share/gcc-arm-none-eabi-10.3-2021.10/bin/../lib/gcc/arm-none-eabi/10.3.1/thumb/v7e-m/nofp/libgcc.a(_udivmoddi4.o)
                0x0000000008003760                __exidx_end = .

.rel.dyn        0x0000000008003760        0x0
 .rel.iplt      0x0000000008003760        0x0 ./system/src/stm32f4-hal/stm32f4xx_hal.o
                0x0000000008003760                . = ALIGN (0x4)
                0x0000000008003760                _etext = .
                0x0000000008003760                __etext = .

.data_CCMRAM    0x0000000010000000        0x0 load address 0x0000000008003760
 FILL mask 0xff
 *(.data.CCMRAM .data.CCMRAM.*)
                0x0000000010000000                . = ALIGN (0x4)
                0x0000000008003760                _sidata = LOADADDR (.data)

.data           0x0000000020000000       0x80 load address 0x0000000008003760
 FILL mask 0xff
                0x0000000020000000                _sdata = .
                0x0000000020000000                __data_start__ = .
 *(.data_begin .data_begin.*)
 .data_begin    0x0000000020000000        0x4 ./system/src/newlib/startup.o
 *(.data .data.*)
 .data.uwTickFreq
                0x0000000020000004        0x1 ./system/src/stm32f4-hal/stm32f4xx_hal.o
                0x0000000020000004                uwTickFreq
 *fill*         0x0000000020000005        0x3 ff
 .data.uwTickPrio
                0x0000000020000008        0x4 ./system/src/stm32f4-hal/stm32f4xx_hal.o
                0x0000000020000008                uwTickPrio
 .data.argv.1   0x000000002000000c        0x8 ./system/src/newlib/syscalls.o
 .data.SystemCoreClock
                0x0000000020000014        0x4 ./system/src/cmsis/system_stm32f4xx.o
                0x0000000020000014                SystemCoreClock
 .data._impure_ptr
                0x0000000020000018        0x4 /home/dmanh204/.local/share/gcc-arm-none-eabi-10.3-2021.10/bin/../lib/gcc/arm-none-eabi/10.3.1/../../../../arm-none-eabi/lib/thumb/v7e-m/nofp/libg_nano.a(lib_a-impure.o)
                0x0000000020000018                _impure_ptr
 .data.impure_data
                0x000000002000001c       0x60 /home/dmanh204/.local/share/gcc-arm-none-eabi-10.3-2021.10/bin/../lib/gcc/arm-none-eabi/10.3.1/../../../../arm-none-eabi/lib/thumb/v7e-m/nofp/libg_nano.a(lib_a-impure.o)
 *(.data_end .data_end.*)
 .data_end      0x000000002000007c        0x4 ./system/src/newlib/startup.o
                0x0000000020000080                . = ALIGN (0x4)
                0x0000000020000080                _edata = .
                0x0000000020000080                __data_end__ = .

.igot.plt       0x0000000020000080        0x0 load address 0x00000000080037e0
 .igot.plt      0x0000000020000080        0x0 ./system/src/stm32f4-hal/stm32f4xx_hal.o

.bss_CCMRAM     0x0000000010000000        0x0
 *(.bss.CCMRAM .bss.CCMRAM.*)

.bss            0x0000000020000080      0x12c
                0x0000000020000080                __bss_start__ = .
                0x0000000020000080                _sbss = .
 *(.bss_begin .bss_begin.*)
 .bss_begin     0x0000000020000080        0x4 ./system/src/newlib/startup.o
 *(.bss .bss.*)
 .bss.uwTick    0x0000000020000084        0x4 ./system/src/stm32f4-hal/stm32f4xx_hal.o
                0x0000000020000084                uwTick
 .bss.current_heap_end.0
                0x0000000020000088        0x4 ./system/src/newlib/sbrk.o
 .bss.errno     0x000000002000008c        0x4 ./system/src/newlib/syscalls.o
                0x000000002000008c                errno
 .bss.name.0    0x0000000020000090        0x1 ./system/src/newlib/syscalls.o
 *fill*         0x0000000020000091        0x3 
 .bss.buf.0     0x0000000020000094       0x80 ./system/src/diag/trace.o
 .bss.hadc1     0x0000000020000114       0x48 ./src/main.o
                0x0000000020000114                hadc1
 .bss.huart2    0x000000002000015c       0x40 ./src/main.o
                0x000000002000015c                huart2
 .bss.__malloc_free_list
                0x000000002000019c        0x4 /home/dmanh204/.local/share/gcc-arm-none-eabi-10.3-2021.10/bin/../lib/gcc/arm-none-eabi/10.3.1/../../../../arm-none-eabi/lib/thumb/v7e-m/nofp/libg_nano.a(lib_a-nano-mallocr.o)
                0x000000002000019c                __malloc_free_list
 .bss.__malloc_sbrk_start
                0x00000000200001a0        0x4 /home/dmanh204/.local/share/gcc-arm-none-eabi-10.3-2021.10/bin/../lib/gcc/arm-none-eabi/10.3.1/../../../../arm-none-eabi/lib/thumb/v7e-m/nofp/libg_nano.a(lib_a-nano-mallocr.o)
                0x00000000200001a0                __malloc_sbrk_start
 .bss.__lock___malloc_recursive_mutex
                0x00000000200001a4        0x1 /home/dmanh204/.local/share/gcc-arm-none-eabi-10.3-2021.10/bin/../lib/gcc/arm-none-eabi/10.3.1/../../../../arm-none-eabi/lib/thumb/v7e-m/nofp/libg_nano.a(lib_a-lock.o)
                0x00000000200001a4                __lock___malloc_recursive_mutex
 *(COMMON)
 *(.bss_end .bss_end.*)
 *fill*         0x00000000200001a5        0x3 
 .bss_end       0x00000000200001a8        0x4 ./system/src/newlib/startup.o
                0x00000000200001ac                . = ALIGN (0x4)
                0x00000000200001ac                __bss_end__ = .
                0x00000000200001ac                _ebss = .

.noinit_CCMRAM
 *(.noinit.CCMRAM .noinit.CCMRAM.*)

.noinit         0x00000000200001ac        0x0
                0x00000000200001ac                _noinit = .
 *(.noinit .noinit.*)
                0x00000000200001ac                . = ALIGN (0x4)
                0x00000000200001ac                _end_noinit = .
                [!provide]                        PROVIDE (end = _end_noinit)
                [!provide]                        PROVIDE (_end = _end_noinit)
                [!provide]                        PROVIDE (__end = _end_noinit)
                [!provide]                        PROVIDE (__end__ = _end_noinit)

._check_stack   0x00000000200001ac      0x100
                0x00000000200002ac                . = (. + _Minimum_Stack_Size)
 *fill*         0x00000000200001ac      0x100 

.b1text
 *(.b1text)
 *(.b1rodata)
 *(.b1rodata.*)

.eb0text
 *(.eb0text)
 *(.eb0rodata)
 *(.eb0rodata.*)

.eb1text
 *(.eb1text)
 *(.eb1rodata)
 *(.eb1rodata.*)

.eb2text
 *(.eb2text)
 *(.eb2rodata)
 *(.eb2rodata.*)

.eb3text
 *(.eb3text)
 *(.eb3rodata)
 *(.eb3rodata.*)

.stab
 *(.stab)

.stabstr
 *(.stabstr)

.stab.excl
 *(.stab.excl)

.stab.exclstr
 *(.stab.exclstr)

.stab.index
 *(.stab.index)

.stab.indexstr
 *(.stab.indexstr)

.comment        0x0000000000000000       0x49
 *(.comment)
 .comment       0x0000000000000000       0x49 ./system/src/stm32f4-hal/stm32f4xx_hal.o
                                         0x4a (size before relaxing)
 .comment       0x0000000000000049       0x4a ./system/src/stm32f4-hal/stm32f4xx_hal_cortex.o
 .comment       0x0000000000000049       0x4a ./system/src/stm32f4-hal/stm32f4xx_hal_rcc.o
 .comment       0x0000000000000049       0x4a ./system/src/newlib/exit.o
 .comment       0x0000000000000049       0x4a ./system/src/newlib/sbrk.o
 .comment       0x0000000000000049       0x4a ./system/src/newlib/startup.o
 .comment       0x0000000000000049       0x4a ./system/src/newlib/syscalls.o
 .comment       0x0000000000000049       0x4a ./system/src/diag/trace-impl.o
 .comment       0x0000000000000049       0x4a ./system/src/diag/trace.o
 .comment       0x0000000000000049       0x4a ./system/src/cortexm/exception-handlers.o
 .comment       0x0000000000000049       0x4a ./system/src/cortexm/initialize-hardware.o
 .comment       0x0000000000000049       0x4a ./system/src/cmsis/system_stm32f4xx.o
 .comment       0x0000000000000049       0x4a ./system/src/cmsis/vectors_stm32f410rx.o
 .comment       0x0000000000000049       0x4a ./src/initialize-hardware.o
 .comment       0x0000000000000049       0x4a ./src/main.o
 .comment       0x0000000000000049       0x4a ./src/stm32f4xx_hal_adc.o
 .comment       0x0000000000000049       0x4a ./src/stm32f4xx_hal_msp.o
 .comment       0x0000000000000049       0x4a ./src/stm32f4xx_hal_uart.o

.ARM.attributes
                0x0000000000000000       0x2c
 .ARM.attributes
                0x0000000000000000       0x2e ./system/src/stm32f4-hal/stm32f4xx_hal.o
 .ARM.attributes
                0x000000000000002e       0x2e ./system/src/stm32f4-hal/stm32f4xx_hal_cortex.o
 .ARM.attributes
                0x000000000000005c       0x2e ./system/src/stm32f4-hal/stm32f4xx_hal_rcc.o
 .ARM.attributes
                0x000000000000008a       0x2e ./system/src/newlib/exit.o
 .ARM.attributes
                0x00000000000000b8       0x2e ./system/src/newlib/sbrk.o
 .ARM.attributes
                0x00000000000000e6       0x2e ./system/src/newlib/startup.o
 .ARM.attributes
                0x0000000000000114       0x2e ./system/src/newlib/syscalls.o
 .ARM.attributes
                0x0000000000000142       0x2e ./system/src/diag/trace-impl.o
 .ARM.attributes
                0x0000000000000170       0x2e ./system/src/diag/trace.o
 .ARM.attributes
                0x000000000000019e       0x2e ./system/src/cortexm/exception-handlers.o
 .ARM.attributes
                0x00000000000001cc       0x2e ./system/src/cortexm/initialize-hardware.o
 .ARM.attributes
                0x00000000000001fa       0x2e ./system/src/cmsis/system_stm32f4xx.o
 .ARM.attributes
                0x0000000000000228       0x2e ./system/src/cmsis/vectors_stm32f410rx.o
 .ARM.attributes
                0x0000000000000256       0x2e ./src/initialize-hardware.o
 .ARM.attributes
                0x0000000000000284       0x2e ./src/main.o
 .ARM.attributes
                0x00000000000002b2       0x2e ./src/stm32f4xx_hal_adc.o
 .ARM.attributes
                0x00000000000002e0       0x2e ./src/stm32f4xx_hal_msp.o
 .ARM.attributes
                0x000000000000030e       0x2e ./src/stm32f4xx_hal_uart.o
 .ARM.attributes
                0x000000000000033c       0x1e /home/dmanh204/.local/share/gcc-arm-none-eabi-10.3-2021.10/bin/../lib/gcc/arm-none-eabi/10.3.1/thumb/v7e-m/nofp/libgcc.a(_arm_addsubdf3.o)
 .ARM.attributes
                0x000000000000035a       0x1e /home/dmanh204/.local/share/gcc-arm-none-eabi-10.3-2021.10/bin/../lib/gcc/arm-none-eabi/10.3.1/thumb/v7e-m/nofp/libgcc.a(_arm_muldivdf3.o)
 .ARM.attributes
                0x0000000000000378       0x1e /home/dmanh204/.local/share/gcc-arm-none-eabi-10.3-2021.10/bin/../lib/gcc/arm-none-eabi/10.3.1/thumb/v7e-m/nofp/libgcc.a(_arm_truncdfsf2.o)
 .ARM.attributes
                0x0000000000000396       0x1e /home/dmanh204/.local/share/gcc-arm-none-eabi-10.3-2021.10/bin/../lib/gcc/arm-none-eabi/10.3.1/thumb/v7e-m/nofp/libgcc.a(_arm_addsubsf3.o)
 .ARM.attributes
                0x00000000000003b4       0x1e /home/dmanh204/.local/share/gcc-arm-none-eabi-10.3-2021.10/bin/../lib/gcc/arm-none-eabi/10.3.1/thumb/v7e-m/nofp/libgcc.a(_arm_muldivsf3.o)
 .ARM.attributes
                0x00000000000003d2       0x1e /home/dmanh204/.local/share/gcc-arm-none-eabi-10.3-2021.10/bin/../lib/gcc/arm-none-eabi/10.3.1/thumb/v7e-m/nofp/libgcc.a(_aeabi_uldivmod.o)
 .ARM.attributes
                0x00000000000003f0       0x2e /home/dmanh204/.local/share/gcc-arm-none-eabi-10.3-2021.10/bin/../lib/gcc/arm-none-eabi/10.3.1/thumb/v7e-m/nofp/libgcc.a(_udivmoddi4.o)
 .ARM.attributes
                0x000000000000041e       0x1e /home/dmanh204/.local/share/gcc-arm-none-eabi-10.3-2021.10/bin/../lib/gcc/arm-none-eabi/10.3.1/thumb/v7e-m/nofp/libgcc.a(_dvmd_tls.o)
 .ARM.attributes
                0x000000000000043c       0x2e /home/dmanh204/.local/share/gcc-arm-none-eabi-10.3-2021.10/bin/../lib/gcc/arm-none-eabi/10.3.1/../../../../arm-none-eabi/lib/thumb/v7e-m/nofp/libg_nano.a(lib_a-errno.o)
 .ARM.attributes
                0x000000000000046a       0x2e /home/dmanh204/.local/share/gcc-arm-none-eabi-10.3-2021.10/bin/../lib/gcc/arm-none-eabi/10.3.1/../../../../arm-none-eabi/lib/thumb/v7e-m/nofp/libg_nano.a(lib_a-impure.o)
 .ARM.attributes
                0x0000000000000498       0x2e /home/dmanh204/.local/share/gcc-arm-none-eabi-10.3-2021.10/bin/../lib/gcc/arm-none-eabi/10.3.1/../../../../arm-none-eabi/lib/thumb/v7e-m/nofp/libg_nano.a(lib_a-sprintf.o)
 .ARM.attributes
                0x00000000000004c6       0x17 /home/dmanh204/.local/share/gcc-arm-none-eabi-10.3-2021.10/bin/../lib/gcc/arm-none-eabi/10.3.1/../../../../arm-none-eabi/lib/thumb/v7e-m/nofp/libg_nano.a(lib_a-strlen.o)
 .ARM.attributes
                0x00000000000004dd       0x2e /home/dmanh204/.local/share/gcc-arm-none-eabi-10.3-2021.10/bin/../lib/gcc/arm-none-eabi/10.3.1/../../../../arm-none-eabi/lib/thumb/v7e-m/nofp/libg_nano.a(lib_a-vsnprintf.o)
 .ARM.attributes
                0x000000000000050b       0x2e /home/dmanh204/.local/share/gcc-arm-none-eabi-10.3-2021.10/bin/../lib/gcc/arm-none-eabi/10.3.1/../../../../arm-none-eabi/lib/thumb/v7e-m/nofp/libg_nano.a(lib_a-nano-svfprintf.o)
 .ARM.attributes
                0x0000000000000539       0x2e /home/dmanh204/.local/share/gcc-arm-none-eabi-10.3-2021.10/bin/../lib/gcc/arm-none-eabi/10.3.1/../../../../arm-none-eabi/lib/thumb/v7e-m/nofp/libg_nano.a(lib_a-nano-vfprintf_i.o)
 .ARM.attributes
                0x0000000000000567       0x1c /home/dmanh204/.local/share/gcc-arm-none-eabi-10.3-2021.10/bin/../lib/gcc/arm-none-eabi/10.3.1/../../../../arm-none-eabi/lib/thumb/v7e-m/nofp/libg_nano.a(lib_a-memchr.o)
 .ARM.attributes
                0x0000000000000583       0x2e /home/dmanh204/.local/share/gcc-arm-none-eabi-10.3-2021.10/bin/../lib/gcc/arm-none-eabi/10.3.1/../../../../arm-none-eabi/lib/thumb/v7e-m/nofp/libg_nano.a(lib_a-memcpy-stub.o)
 .ARM.attributes
                0x00000000000005b1       0x2e /home/dmanh204/.local/share/gcc-arm-none-eabi-10.3-2021.10/bin/../lib/gcc/arm-none-eabi/10.3.1/../../../../arm-none-eabi/lib/thumb/v7e-m/nofp/libg_nano.a(lib_a-memmove.o)
 .ARM.attributes
                0x00000000000005df       0x2e /home/dmanh204/.local/share/gcc-arm-none-eabi-10.3-2021.10/bin/../lib/gcc/arm-none-eabi/10.3.1/../../../../arm-none-eabi/lib/thumb/v7e-m/nofp/libg_nano.a(lib_a-nano-freer.o)
 .ARM.attributes
                0x000000000000060d       0x2e /home/dmanh204/.local/share/gcc-arm-none-eabi-10.3-2021.10/bin/../lib/gcc/arm-none-eabi/10.3.1/../../../../arm-none-eabi/lib/thumb/v7e-m/nofp/libg_nano.a(lib_a-nano-mallocr.o)
 .ARM.attributes
                0x000000000000063b       0x2e /home/dmanh204/.local/share/gcc-arm-none-eabi-10.3-2021.10/bin/../lib/gcc/arm-none-eabi/10.3.1/../../../../arm-none-eabi/lib/thumb/v7e-m/nofp/libg_nano.a(lib_a-nano-reallocr.o)
 .ARM.attributes
                0x0000000000000669       0x2e /home/dmanh204/.local/share/gcc-arm-none-eabi-10.3-2021.10/bin/../lib/gcc/arm-none-eabi/10.3.1/../../../../arm-none-eabi/lib/thumb/v7e-m/nofp/libg_nano.a(lib_a-sbrkr.o)
 .ARM.attributes
                0x0000000000000697       0x2e /home/dmanh204/.local/share/gcc-arm-none-eabi-10.3-2021.10/bin/../lib/gcc/arm-none-eabi/10.3.1/../../../../arm-none-eabi/lib/thumb/v7e-m/nofp/libg_nano.a(lib_a-mlock.o)
 .ARM.attributes
                0x00000000000006c5       0x2e /home/dmanh204/.local/share/gcc-arm-none-eabi-10.3-2021.10/bin/../lib/gcc/arm-none-eabi/10.3.1/../../../../arm-none-eabi/lib/thumb/v7e-m/nofp/libg_nano.a(lib_a-nano-msizer.o)
 .ARM.attributes
                0x00000000000006f3       0x2e /home/dmanh204/.local/share/gcc-arm-none-eabi-10.3-2021.10/bin/../lib/gcc/arm-none-eabi/10.3.1/../../../../arm-none-eabi/lib/thumb/v7e-m/nofp/libg_nano.a(lib_a-lock.o)

.debug
 *(.debug)

.line
 *(.line)

.debug_srcinfo
 *(.debug_srcinfo)

.debug_sfnames
 *(.debug_sfnames)

.debug_aranges  0x0000000000000000      0x788
 *(.debug_aranges)
 .debug_aranges
                0x0000000000000000       0xf0 ./system/src/stm32f4-hal/stm32f4xx_hal.o
 .debug_aranges
                0x00000000000000f0       0xa8 ./system/src/stm32f4-hal/stm32f4xx_hal_cortex.o
 .debug_aranges
                0x0000000000000198       0x88 ./system/src/stm32f4-hal/stm32f4xx_hal_rcc.o
 .debug_aranges
                0x0000000000000220       0x28 ./system/src/newlib/exit.o
 .debug_aranges
                0x0000000000000248       0x20 ./system/src/newlib/sbrk.o
 .debug_aranges
                0x0000000000000268       0x40 ./system/src/newlib/startup.o
 .debug_aranges
                0x00000000000002a8       0x30 ./system/src/newlib/syscalls.o
 .debug_aranges
                0x00000000000002d8       0x30 ./system/src/diag/trace-impl.o
 .debug_aranges
                0x0000000000000308       0x38 ./system/src/diag/trace.o
 .debug_aranges
                0x0000000000000340       0x90 ./system/src/cortexm/exception-handlers.o
 .debug_aranges
                0x00000000000003d0       0x28 ./system/src/cortexm/initialize-hardware.o
 .debug_aranges
                0x00000000000003f8       0x28 ./system/src/cmsis/system_stm32f4xx.o
 .debug_aranges
                0x0000000000000420       0x20 ./system/src/cmsis/vectors_stm32f410rx.o
 .debug_aranges
                0x0000000000000440       0x30 ./src/initialize-hardware.o
 .debug_aranges
                0x0000000000000470       0x28 ./src/main.o
 .debug_aranges
                0x0000000000000498       0xe8 ./src/stm32f4xx_hal_adc.o
 .debug_aranges
                0x0000000000000580       0x38 ./src/stm32f4xx_hal_msp.o
 .debug_aranges
                0x00000000000005b8      0x1d0 ./src/stm32f4xx_hal_uart.o

.debug_pubnames
 *(.debug_pubnames)

.debug_info     0x0000000000000000     0x8c95
 *(.debug_info .gnu.linkonce.wi.*)
 .debug_info    0x0000000000000000      0x951 ./system/src/stm32f4-hal/stm32f4xx_hal.o
 .debug_info    0x0000000000000951     0x1262 ./system/src/stm32f4-hal/stm32f4xx_hal_cortex.o
 .debug_info    0x0000000000001bb3      0xd65 ./system/src/stm32f4-hal/stm32f4xx_hal_rcc.o
 .debug_info    0x0000000000002918       0xf2 ./system/src/newlib/exit.o
 .debug_info    0x0000000000002a0a      0x112 ./system/src/newlib/sbrk.o
 .debug_info    0x0000000000002b1c      0x573 ./system/src/newlib/startup.o
 .debug_info    0x000000000000308f      0x1d5 ./system/src/newlib/syscalls.o
 .debug_info    0x0000000000003264      0x320 ./system/src/diag/trace-impl.o
 .debug_info    0x0000000000003584      0x30b ./system/src/diag/trace.o
 .debug_info    0x000000000000388f      0x983 ./system/src/cortexm/exception-handlers.o
 .debug_info    0x0000000000004212      0x2b3 ./system/src/cortexm/initialize-hardware.o
 .debug_info    0x00000000000044c5      0x50a ./system/src/cmsis/system_stm32f4xx.o
 .debug_info    0x00000000000049cf       0xce ./system/src/cmsis/vectors_stm32f410rx.o
 .debug_info    0x0000000000004a9d      0x579 ./src/initialize-hardware.o
 .debug_info    0x0000000000005016      0xd0d ./src/main.o
 .debug_info    0x0000000000005d23     0x12f2 ./src/stm32f4xx_hal_adc.o
 .debug_info    0x0000000000007015       0xbf ./src/stm32f4xx_hal_msp.o
 .debug_info    0x00000000000070d4     0x1bc1 ./src/stm32f4xx_hal_uart.o

.debug_abbrev   0x0000000000000000     0x1dbe
 *(.debug_abbrev)
 .debug_abbrev  0x0000000000000000      0x23a ./system/src/stm32f4-hal/stm32f4xx_hal.o
 .debug_abbrev  0x000000000000023a      0x38a ./system/src/stm32f4-hal/stm32f4xx_hal_cortex.o
 .debug_abbrev  0x00000000000005c4      0x2a0 ./system/src/stm32f4-hal/stm32f4xx_hal_rcc.o
 .debug_abbrev  0x0000000000000864       0x97 ./system/src/newlib/exit.o
 .debug_abbrev  0x00000000000008fb       0xcd ./system/src/newlib/sbrk.o
 .debug_abbrev  0x00000000000009c8      0x1fa ./system/src/newlib/startup.o
 .debug_abbrev  0x0000000000000bc2      0x10e ./system/src/newlib/syscalls.o
 .debug_abbrev  0x0000000000000cd0      0x1eb ./system/src/diag/trace-impl.o
 .debug_abbrev  0x0000000000000ebb      0x173 ./system/src/diag/trace.o
 .debug_abbrev  0x000000000000102e      0x267 ./system/src/cortexm/exception-handlers.o
 .debug_abbrev  0x0000000000001295       0xe9 ./system/src/cortexm/initialize-hardware.o
 .debug_abbrev  0x000000000000137e      0x11c ./system/src/cmsis/system_stm32f4xx.o
 .debug_abbrev  0x000000000000149a       0xa5 ./system/src/cmsis/vectors_stm32f410rx.o
 .debug_abbrev  0x000000000000153f      0x170 ./src/initialize-hardware.o
 .debug_abbrev  0x00000000000016af      0x22f ./src/main.o
 .debug_abbrev  0x00000000000018de      0x211 ./src/stm32f4xx_hal_adc.o
 .debug_abbrev  0x0000000000001aef       0x47 ./src/stm32f4xx_hal_msp.o
 .debug_abbrev  0x0000000000001b36      0x288 ./src/stm32f4xx_hal_uart.o

.debug_line     0x0000000000000000     0xc8a7
 *(.debug_line)
 .debug_line    0x0000000000000000      0xb81 ./system/src/stm32f4-hal/stm32f4xx_hal.o
 .debug_line    0x0000000000000b81      0xebf ./system/src/stm32f4-hal/stm32f4xx_hal_cortex.o
 .debug_line    0x0000000000001a40     0x1260 ./system/src/stm32f4-hal/stm32f4xx_hal_rcc.o
 .debug_line    0x0000000000002ca0      0x37d ./system/src/newlib/exit.o
 .debug_line    0x000000000000301d      0x367 ./system/src/newlib/sbrk.o
 .debug_line    0x0000000000003384      0x653 ./system/src/newlib/startup.o
 .debug_line    0x00000000000039d7      0x47c ./system/src/newlib/syscalls.o
 .debug_line    0x0000000000003e53      0xb6c ./system/src/diag/trace-impl.o
 .debug_line    0x00000000000049bf      0x45a ./system/src/diag/trace.o
 .debug_line    0x0000000000004e19      0xda0 ./system/src/cortexm/exception-handlers.o
 .debug_line    0x0000000000005bb9      0x83f ./system/src/cortexm/initialize-hardware.o
 .debug_line    0x00000000000063f8      0x8d1 ./system/src/cmsis/system_stm32f4xx.o
 .debug_line    0x0000000000006cc9      0x11e ./system/src/cmsis/vectors_stm32f410rx.o
 .debug_line    0x0000000000006de7      0xb31 ./src/initialize-hardware.o
 .debug_line    0x0000000000007918      0xbfa ./src/main.o
 .debug_line    0x0000000000008512     0x17cd ./src/stm32f4xx_hal_adc.o
 .debug_line    0x0000000000009cdf      0x82f ./src/stm32f4xx_hal_msp.o
 .debug_line    0x000000000000a50e     0x2399 ./src/stm32f4xx_hal_uart.o

.debug_frame    0x0000000000000000     0x17a8
 *(.debug_frame)
 .debug_frame   0x0000000000000000      0x1f0 ./system/src/stm32f4-hal/stm32f4xx_hal.o
 .debug_frame   0x00000000000001f0      0x19c ./system/src/stm32f4-hal/stm32f4xx_hal_cortex.o
 .debug_frame   0x000000000000038c      0x170 ./system/src/stm32f4-hal/stm32f4xx_hal_rcc.o
 .debug_frame   0x00000000000004fc       0x38 ./system/src/newlib/exit.o
 .debug_frame   0x0000000000000534       0x28 ./system/src/newlib/sbrk.o
 .debug_frame   0x000000000000055c       0x7c ./system/src/newlib/startup.o
 .debug_frame   0x00000000000005d8       0x50 ./system/src/newlib/syscalls.o
 .debug_frame   0x0000000000000628       0x64 ./system/src/diag/trace-impl.o
 .debug_frame   0x000000000000068c       0x94 ./system/src/diag/trace.o
 .debug_frame   0x0000000000000720      0x158 ./system/src/cortexm/exception-handlers.o
 .debug_frame   0x0000000000000878       0x40 ./system/src/cortexm/initialize-hardware.o
 .debug_frame   0x00000000000008b8       0x30 ./system/src/cmsis/system_stm32f4xx.o
 .debug_frame   0x00000000000008e8       0x20 ./system/src/cmsis/vectors_stm32f410rx.o
 .debug_frame   0x0000000000000908       0x64 ./src/initialize-hardware.o
 .debug_frame   0x000000000000096c       0x4c ./src/main.o
 .debug_frame   0x00000000000009b8      0x28c ./src/stm32f4xx_hal_adc.o
 .debug_frame   0x0000000000000c44       0x50 ./src/stm32f4xx_hal_msp.o
 .debug_frame   0x0000000000000c94      0x50c ./src/stm32f4xx_hal_uart.o
 .debug_frame   0x00000000000011a0       0xac /home/dmanh204/.local/share/gcc-arm-none-eabi-10.3-2021.10/bin/../lib/gcc/arm-none-eabi/10.3.1/thumb/v7e-m/nofp/libgcc.a(_arm_addsubdf3.o)
 .debug_frame   0x000000000000124c       0x50 /home/dmanh204/.local/share/gcc-arm-none-eabi-10.3-2021.10/bin/../lib/gcc/arm-none-eabi/10.3.1/thumb/v7e-m/nofp/libgcc.a(_arm_muldivdf3.o)
 .debug_frame   0x000000000000129c       0x24 /home/dmanh204/.local/share/gcc-arm-none-eabi-10.3-2021.10/bin/../lib/gcc/arm-none-eabi/10.3.1/thumb/v7e-m/nofp/libgcc.a(_arm_truncdfsf2.o)
 .debug_frame   0x00000000000012c0       0x4c /home/dmanh204/.local/share/gcc-arm-none-eabi-10.3-2021.10/bin/../lib/gcc/arm-none-eabi/10.3.1/thumb/v7e-m/nofp/libgcc.a(_arm_addsubsf3.o)
 .debug_frame   0x000000000000130c       0x38 /home/dmanh204/.local/share/gcc-arm-none-eabi-10.3-2021.10/bin/../lib/gcc/arm-none-eabi/10.3.1/thumb/v7e-m/nofp/libgcc.a(_arm_muldivsf3.o)
 .debug_frame   0x0000000000001344       0x2c /home/dmanh204/.local/share/gcc-arm-none-eabi-10.3-2021.10/bin/../lib/gcc/arm-none-eabi/10.3.1/thumb/v7e-m/nofp/libgcc.a(_aeabi_uldivmod.o)
 .debug_frame   0x0000000000001370       0x34 /home/dmanh204/.local/share/gcc-arm-none-eabi-10.3-2021.10/bin/../lib/gcc/arm-none-eabi/10.3.1/thumb/v7e-m/nofp/libgcc.a(_udivmoddi4.o)
 .debug_frame   0x00000000000013a4       0x20 /home/dmanh204/.local/share/gcc-arm-none-eabi-10.3-2021.10/bin/../lib/gcc/arm-none-eabi/10.3.1/../../../../arm-none-eabi/lib/thumb/v7e-m/nofp/libg_nano.a(lib_a-errno.o)
 .debug_frame   0x00000000000013c4       0x6c /home/dmanh204/.local/share/gcc-arm-none-eabi-10.3-2021.10/bin/../lib/gcc/arm-none-eabi/10.3.1/../../../../arm-none-eabi/lib/thumb/v7e-m/nofp/libg_nano.a(lib_a-sprintf.o)
 .debug_frame   0x0000000000001430       0x4c /home/dmanh204/.local/share/gcc-arm-none-eabi-10.3-2021.10/bin/../lib/gcc/arm-none-eabi/10.3.1/../../../../arm-none-eabi/lib/thumb/v7e-m/nofp/libg_nano.a(lib_a-vsnprintf.o)
 .debug_frame   0x000000000000147c       0x90 /home/dmanh204/.local/share/gcc-arm-none-eabi-10.3-2021.10/bin/../lib/gcc/arm-none-eabi/10.3.1/../../../../arm-none-eabi/lib/thumb/v7e-m/nofp/libg_nano.a(lib_a-nano-svfprintf.o)
 .debug_frame   0x000000000000150c       0x60 /home/dmanh204/.local/share/gcc-arm-none-eabi-10.3-2021.10/bin/../lib/gcc/arm-none-eabi/10.3.1/../../../../arm-none-eabi/lib/thumb/v7e-m/nofp/libg_nano.a(lib_a-nano-vfprintf_i.o)
 .debug_frame   0x000000000000156c       0x28 /home/dmanh204/.local/share/gcc-arm-none-eabi-10.3-2021.10/bin/../lib/gcc/arm-none-eabi/10.3.1/../../../../arm-none-eabi/lib/thumb/v7e-m/nofp/libg_nano.a(lib_a-memcpy-stub.o)
 .debug_frame   0x0000000000001594       0x28 /home/dmanh204/.local/share/gcc-arm-none-eabi-10.3-2021.10/bin/../lib/gcc/arm-none-eabi/10.3.1/../../../../arm-none-eabi/lib/thumb/v7e-m/nofp/libg_nano.a(lib_a-memmove.o)
 .debug_frame   0x00000000000015bc       0x38 /home/dmanh204/.local/share/gcc-arm-none-eabi-10.3-2021.10/bin/../lib/gcc/arm-none-eabi/10.3.1/../../../../arm-none-eabi/lib/thumb/v7e-m/nofp/libg_nano.a(lib_a-nano-freer.o)
 .debug_frame   0x00000000000015f4       0x4c /home/dmanh204/.local/share/gcc-arm-none-eabi-10.3-2021.10/bin/../lib/gcc/arm-none-eabi/10.3.1/../../../../arm-none-eabi/lib/thumb/v7e-m/nofp/libg_nano.a(lib_a-nano-mallocr.o)
 .debug_frame   0x0000000000001640       0x3c /home/dmanh204/.local/share/gcc-arm-none-eabi-10.3-2021.10/bin/../lib/gcc/arm-none-eabi/10.3.1/../../../../arm-none-eabi/lib/thumb/v7e-m/nofp/libg_nano.a(lib_a-nano-reallocr.o)
 .debug_frame   0x000000000000167c       0x2c /home/dmanh204/.local/share/gcc-arm-none-eabi-10.3-2021.10/bin/../lib/gcc/arm-none-eabi/10.3.1/../../../../arm-none-eabi/lib/thumb/v7e-m/nofp/libg_nano.a(lib_a-sbrkr.o)
 .debug_frame   0x00000000000016a8       0x30 /home/dmanh204/.local/share/gcc-arm-none-eabi-10.3-2021.10/bin/../lib/gcc/arm-none-eabi/10.3.1/../../../../arm-none-eabi/lib/thumb/v7e-m/nofp/libg_nano.a(lib_a-mlock.o)
 .debug_frame   0x00000000000016d8       0x20 /home/dmanh204/.local/share/gcc-arm-none-eabi-10.3-2021.10/bin/../lib/gcc/arm-none-eabi/10.3.1/../../../../arm-none-eabi/lib/thumb/v7e-m/nofp/libg_nano.a(lib_a-nano-msizer.o)
 .debug_frame   0x00000000000016f8       0xb0 /home/dmanh204/.local/share/gcc-arm-none-eabi-10.3-2021.10/bin/../lib/gcc/arm-none-eabi/10.3.1/../../../../arm-none-eabi/lib/thumb/v7e-m/nofp/libg_nano.a(lib_a-lock.o)

.debug_str      0x0000000000000000    0x98ecf
 *(.debug_str)
 .debug_str     0x0000000000000000    0x906ee ./system/src/stm32f4-hal/stm32f4xx_hal.o
                                      0x90b30 (size before relaxing)
 .debug_str     0x00000000000906ee      0x397 ./system/src/stm32f4-hal/stm32f4xx_hal_cortex.o
                                      0x90877 (size before relaxing)
 .debug_str     0x0000000000090a85      0x422 ./system/src/stm32f4-hal/stm32f4xx_hal_rcc.o
                                      0x90566 (size before relaxing)
 .debug_str     0x0000000000090ea7     0x4695 ./system/src/newlib/exit.o
                                       0x779f (size before relaxing)
 .debug_str     0x000000000009553c      0x4dd ./system/src/newlib/sbrk.o
                                       0x6b80 (size before relaxing)
 .debug_str     0x0000000000095a19      0x2cb ./system/src/newlib/startup.o
                                       0x63ec (size before relaxing)
 .debug_str     0x0000000000095ce4     0x1504 ./system/src/newlib/syscalls.o
                                       0x80cd (size before relaxing)
 .debug_str     0x00000000000971e8      0x387 ./system/src/diag/trace-impl.o
                                      0x938f2 (size before relaxing)
 .debug_str     0x000000000009756f      0x81a ./system/src/diag/trace.o
                                       0x7f26 (size before relaxing)
 .debug_str     0x0000000000097d89      0x19d ./system/src/cortexm/exception-handlers.o
                                      0x94a70 (size before relaxing)
 .debug_str     0x0000000000097f26       0x5d ./system/src/cortexm/initialize-hardware.o
                                      0x9007a (size before relaxing)
 .debug_str     0x0000000000097f83       0x46 ./system/src/cmsis/system_stm32f4xx.o
                                      0x9014b (size before relaxing)
 .debug_str     0x0000000000097fc9       0x59 ./system/src/cmsis/vectors_stm32f410rx.o
                                       0x3840 (size before relaxing)
 .debug_str     0x0000000000098022       0x35 ./src/initialize-hardware.o
                                      0x9385f (size before relaxing)
 .debug_str     0x0000000000098057      0x670 ./src/main.o
                                      0x954d3 (size before relaxing)
 .debug_str     0x00000000000986c7      0x292 ./src/stm32f4xx_hal_adc.o
                                      0x9070f (size before relaxing)
 .debug_str     0x0000000000098959       0x3d ./src/stm32f4xx_hal_msp.o
                                      0x8ffba (size before relaxing)
 .debug_str     0x0000000000098996      0x539 ./src/stm32f4xx_hal_uart.o
                                      0x909e3 (size before relaxing)

.debug_loc      0x0000000000000000     0x3efd
 *(.debug_loc)
 .debug_loc     0x0000000000000000      0x130 ./system/src/stm32f4-hal/stm32f4xx_hal.o
 .debug_loc     0x0000000000000130      0x92e ./system/src/stm32f4-hal/stm32f4xx_hal_cortex.o
 .debug_loc     0x0000000000000a5e      0x56f ./system/src/stm32f4-hal/stm32f4xx_hal_rcc.o
 .debug_loc     0x0000000000000fcd       0x15 ./system/src/newlib/exit.o
 .debug_loc     0x0000000000000fe2       0x97 ./system/src/newlib/sbrk.o
 .debug_loc     0x0000000000001079      0x49b ./system/src/newlib/startup.o
 .debug_loc     0x0000000000001514       0x6f ./system/src/newlib/syscalls.o
 .debug_loc     0x0000000000001583      0x1a3 ./system/src/diag/trace-impl.o
 .debug_loc     0x0000000000001726      0x118 ./system/src/diag/trace.o
 .debug_loc     0x000000000000183e      0x35c ./system/src/cortexm/exception-handlers.o
 .debug_loc     0x0000000000001b9a      0x158 ./system/src/cmsis/system_stm32f4xx.o
 .debug_loc     0x0000000000001cf2       0x64 ./src/initialize-hardware.o
 .debug_loc     0x0000000000001d56       0x8e ./src/main.o
 .debug_loc     0x0000000000001de4      0x97c ./src/stm32f4xx_hal_adc.o
 .debug_loc     0x0000000000002760     0x179d ./src/stm32f4xx_hal_uart.o

.debug_macinfo
 *(.debug_macinfo)

.debug_weaknames
 *(.debug_weaknames)

.debug_funcnames
 *(.debug_funcnames)

.debug_typenames
 *(.debug_typenames)

.debug_varnames
 *(.debug_varnames)
OUTPUT(bt1.elf elf32-littlearm)
LOAD linker stubs

.debug_ranges   0x0000000000000000      0x788
 .debug_ranges  0x0000000000000000       0xe0 ./system/src/stm32f4-hal/stm32f4xx_hal.o
 .debug_ranges  0x00000000000000e0      0x128 ./system/src/stm32f4-hal/stm32f4xx_hal_cortex.o
 .debug_ranges  0x0000000000000208       0x90 ./system/src/stm32f4-hal/stm32f4xx_hal_rcc.o
 .debug_ranges  0x0000000000000298       0x18 ./system/src/newlib/exit.o
 .debug_ranges  0x00000000000002b0       0x10 ./system/src/newlib/sbrk.o
 .debug_ranges  0x00000000000002c0       0x78 ./system/src/newlib/startup.o
 .debug_ranges  0x0000000000000338       0x20 ./system/src/newlib/syscalls.o
 .debug_ranges  0x0000000000000358       0x38 ./system/src/diag/trace-impl.o
 .debug_ranges  0x0000000000000390       0x28 ./system/src/diag/trace.o
 .debug_ranges  0x00000000000003b8       0x98 ./system/src/cortexm/exception-handlers.o
 .debug_ranges  0x0000000000000450       0x18 ./system/src/cortexm/initialize-hardware.o
 .debug_ranges  0x0000000000000468       0x18 ./system/src/cmsis/system_stm32f4xx.o
 .debug_ranges  0x0000000000000480       0x10 ./system/src/cmsis/vectors_stm32f410rx.o
 .debug_ranges  0x0000000000000490       0x20 ./src/initialize-hardware.o
 .debug_ranges  0x00000000000004b0       0x18 ./src/main.o
 .debug_ranges  0x00000000000004c8       0xd8 ./src/stm32f4xx_hal_adc.o
 .debug_ranges  0x00000000000005a0       0x28 ./src/stm32f4xx_hal_msp.o
 .debug_ranges  0x00000000000005c8      0x1c0 ./src/stm32f4xx_hal_uart.o

.debug_macro    0x0000000000000000    0x19941
 .debug_macro   0x0000000000000000      0x3e6 ./system/src/stm32f4-hal/stm32f4xx_hal.o
 .debug_macro   0x00000000000003e6      0xa7e ./system/src/stm32f4-hal/stm32f4xx_hal.o
 .debug_macro   0x0000000000000e64      0x3a2 ./system/src/stm32f4-hal/stm32f4xx_hal.o
 .debug_macro   0x0000000000001206       0x2e ./system/src/stm32f4-hal/stm32f4xx_hal.o
 .debug_macro   0x0000000000001234       0x28 ./system/src/stm32f4-hal/stm32f4xx_hal.o
 .debug_macro   0x000000000000125c      0x34e ./system/src/stm32f4-hal/stm32f4xx_hal.o
 .debug_macro   0x00000000000015aa       0x1c ./system/src/stm32f4-hal/stm32f4xx_hal.o
 .debug_macro   0x00000000000015c6       0x22 ./system/src/stm32f4-hal/stm32f4xx_hal.o
 .debug_macro   0x00000000000015e8       0xd9 ./system/src/stm32f4-hal/stm32f4xx_hal.o
 .debug_macro   0x00000000000016c1     0x102d ./system/src/stm32f4-hal/stm32f4xx_hal.o
 .debug_macro   0x00000000000026ee      0x11f ./system/src/stm32f4-hal/stm32f4xx_hal.o
 .debug_macro   0x000000000000280d     0x9c88 ./system/src/stm32f4-hal/stm32f4xx_hal.o
 .debug_macro   0x000000000000c495       0x43 ./system/src/stm32f4-hal/stm32f4xx_hal.o
 .debug_macro   0x000000000000c4d8     0x3659 ./system/src/stm32f4-hal/stm32f4xx_hal.o
 .debug_macro   0x000000000000fb31      0x174 ./system/src/stm32f4-hal/stm32f4xx_hal.o
 .debug_macro   0x000000000000fca5       0x5a ./system/src/stm32f4-hal/stm32f4xx_hal.o
 .debug_macro   0x000000000000fcff      0x39f ./system/src/stm32f4-hal/stm32f4xx_hal.o
 .debug_macro   0x000000000001009e      0x9fe ./system/src/stm32f4-hal/stm32f4xx_hal.o
 .debug_macro   0x0000000000010a9c      0x117 ./system/src/stm32f4-hal/stm32f4xx_hal.o
 .debug_macro   0x0000000000010bb3       0xc0 ./system/src/stm32f4-hal/stm32f4xx_hal.o
 .debug_macro   0x0000000000010c73       0x27 ./system/src/stm32f4-hal/stm32f4xx_hal.o
 .debug_macro   0x0000000000010c9a      0x157 ./system/src/stm32f4-hal/stm32f4xx_hal.o
 .debug_macro   0x0000000000010df1      0x287 ./system/src/stm32f4-hal/stm32f4xx_hal.o
 .debug_macro   0x0000000000011078       0x5f ./system/src/stm32f4-hal/stm32f4xx_hal.o
 .debug_macro   0x00000000000110d7      0x236 ./system/src/stm32f4-hal/stm32f4xx_hal.o
 .debug_macro   0x000000000001130d      0x391 ./system/src/stm32f4-hal/stm32f4xx_hal.o
 .debug_macro   0x000000000001169e      0x176 ./system/src/stm32f4-hal/stm32f4xx_hal.o
 .debug_macro   0x0000000000011814       0xf9 ./system/src/stm32f4-hal/stm32f4xx_hal.o
 .debug_macro   0x000000000001190d       0x22 ./system/src/stm32f4-hal/stm32f4xx_hal.o
 .debug_macro   0x000000000001192f       0xea ./system/src/stm32f4-hal/stm32f4xx_hal.o
 .debug_macro   0x0000000000011a19       0xa0 ./system/src/stm32f4-hal/stm32f4xx_hal.o
 .debug_macro   0x0000000000011ab9       0x3c ./system/src/stm32f4-hal/stm32f4xx_hal.o
 .debug_macro   0x0000000000011af5      0x132 ./system/src/stm32f4-hal/stm32f4xx_hal.o
 .debug_macro   0x0000000000011c27      0x225 ./system/src/stm32f4-hal/stm32f4xx_hal.o
 .debug_macro   0x0000000000011e4c       0x2e ./system/src/stm32f4-hal/stm32f4xx_hal.o
 .debug_macro   0x0000000000011e7a      0x1b5 ./system/src/stm32f4-hal/stm32f4xx_hal.o
 .debug_macro   0x000000000001202f       0x22 ./system/src/stm32f4-hal/stm32f4xx_hal.o
 .debug_macro   0x0000000000012051       0xd6 ./system/src/stm32f4-hal/stm32f4xx_hal.o
 .debug_macro   0x0000000000012127      0x279 ./system/src/stm32f4-hal/stm32f4xx_hal.o
 .debug_macro   0x00000000000123a0      0x1ae ./system/src/stm32f4-hal/stm32f4xx_hal.o
 .debug_macro   0x000000000001254e       0x4a ./system/src/stm32f4-hal/stm32f4xx_hal.o
 .debug_macro   0x0000000000012598       0x78 ./system/src/stm32f4-hal/stm32f4xx_hal.o
 .debug_macro   0x0000000000012610      0x11a ./system/src/stm32f4-hal/stm32f4xx_hal.o
 .debug_macro   0x000000000001272a       0x91 ./system/src/stm32f4-hal/stm32f4xx_hal.o
 .debug_macro   0x00000000000127bb       0x89 ./system/src/stm32f4-hal/stm32f4xx_hal.o
 .debug_macro   0x0000000000012844       0xa4 ./system/src/stm32f4-hal/stm32f4xx_hal.o
 .debug_macro   0x00000000000128e8      0x31a ./system/src/stm32f4-hal/stm32f4xx_hal.o
 .debug_macro   0x0000000000012c02      0x405 ./system/src/stm32f4-hal/stm32f4xx_hal.o
 .debug_macro   0x0000000000013007       0xe4 ./system/src/stm32f4-hal/stm32f4xx_hal.o
 .debug_macro   0x00000000000130eb      0x225 ./system/src/stm32f4-hal/stm32f4xx_hal.o
 .debug_macro   0x0000000000013310      0x8a0 ./system/src/stm32f4-hal/stm32f4xx_hal.o
 .debug_macro   0x0000000000013bb0       0x35 ./system/src/stm32f4-hal/stm32f4xx_hal.o
 .debug_macro   0x0000000000013be5      0x287 ./system/src/stm32f4-hal/stm32f4xx_hal.o
 .debug_macro   0x0000000000013e6c      0x217 ./system/src/stm32f4-hal/stm32f4xx_hal.o
 .debug_macro   0x0000000000014083      0x1b5 ./system/src/stm32f4-hal/stm32f4xx_hal.o
 .debug_macro   0x0000000000014238      0x2db ./system/src/stm32f4-hal/stm32f4xx_hal.o
 .debug_macro   0x0000000000014513       0x8d ./system/src/stm32f4-hal/stm32f4xx_hal.o
 .debug_macro   0x00000000000145a0      0x22c ./system/src/stm32f4-hal/stm32f4xx_hal.o
 .debug_macro   0x00000000000147cc       0x34 ./system/src/stm32f4-hal/stm32f4xx_hal.o
 .debug_macro   0x0000000000014800       0xa5 ./system/src/stm32f4-hal/stm32f4xx_hal.o
 .debug_macro   0x00000000000148a5      0x2b0 ./system/src/stm32f4-hal/stm32f4xx_hal.o
 .debug_macro   0x0000000000014b55      0x134 ./system/src/stm32f4-hal/stm32f4xx_hal.o
 .debug_macro   0x0000000000014c89      0x386 ./system/src/stm32f4-hal/stm32f4xx_hal_cortex.o
 .debug_macro   0x000000000001500f      0x3aa ./system/src/stm32f4-hal/stm32f4xx_hal_rcc.o
 .debug_macro   0x00000000000153b9      0x1ae ./system/src/newlib/exit.o
 .debug_macro   0x0000000000015567      0x163 ./system/src/newlib/sbrk.o
 .debug_macro   0x00000000000156ca       0x10 ./system/src/newlib/sbrk.o
 .debug_macro   0x00000000000156da      0x23b ./system/src/newlib/sbrk.o
 .debug_macro   0x0000000000015915      0x15f ./system/src/newlib/startup.o
 .debug_macro   0x0000000000015a74      0xa84 ./system/src/newlib/startup.o
 .debug_macro   0x00000000000164f8      0x220 ./system/src/newlib/syscalls.o
 .debug_macro   0x0000000000016718       0x1c ./system/src/newlib/syscalls.o
 .debug_macro   0x0000000000016734       0x10 ./system/src/newlib/syscalls.o
 .debug_macro   0x0000000000016744       0x10 ./system/src/newlib/syscalls.o
 .debug_macro   0x0000000000016754       0x10 ./system/src/newlib/syscalls.o
 .debug_macro   0x0000000000016764       0x35 ./system/src/newlib/syscalls.o
 .debug_macro   0x0000000000016799      0x12c ./system/src/newlib/syscalls.o
 .debug_macro   0x00000000000168c5       0xce ./system/src/newlib/syscalls.o
 .debug_macro   0x0000000000016993       0x7c ./system/src/newlib/syscalls.o
 .debug_macro   0x0000000000016a0f       0x17 ./system/src/newlib/syscalls.o
 .debug_macro   0x0000000000016a26      0x118 ./system/src/newlib/syscalls.o
 .debug_macro   0x0000000000016b3e      0x189 ./system/src/newlib/syscalls.o
 .debug_macro   0x0000000000016cc7       0x16 ./system/src/newlib/syscalls.o
 .debug_macro   0x0000000000016cdd      0x4e6 ./system/src/diag/trace-impl.o
 .debug_macro   0x00000000000171c3       0x10 ./system/src/diag/trace-impl.o
 .debug_macro   0x00000000000171d3       0x22 ./system/src/diag/trace-impl.o
 .debug_macro   0x00000000000171f5      0x1f5 ./system/src/diag/trace.o
 .debug_macro   0x00000000000173ea       0x16 ./system/src/diag/trace.o
 .debug_macro   0x0000000000017400       0x97 ./system/src/diag/trace.o
 .debug_macro   0x0000000000017497       0xfd ./system/src/diag/trace.o
 .debug_macro   0x0000000000017594       0x10 ./system/src/diag/trace.o
 .debug_macro   0x00000000000175a4       0x16 ./system/src/diag/trace.o
 .debug_macro   0x00000000000175ba      0x16f ./system/src/diag/trace.o
 .debug_macro   0x0000000000017729       0x4c ./system/src/diag/trace.o
 .debug_macro   0x0000000000017775       0x16 ./system/src/diag/trace.o
 .debug_macro   0x000000000001778b      0x544 ./system/src/cortexm/exception-handlers.o
 .debug_macro   0x0000000000017ccf       0x10 ./system/src/cortexm/exception-handlers.o
 .debug_macro   0x0000000000017cdf      0x390 ./system/src/cortexm/initialize-hardware.o
 .debug_macro   0x000000000001806f      0x38c ./system/src/cmsis/system_stm32f4xx.o
 .debug_macro   0x00000000000183fb       0x34 ./system/src/cmsis/vectors_stm32f410rx.o
 .debug_macro   0x000000000001842f      0x4cb ./src/initialize-hardware.o
 .debug_macro   0x00000000000188fa      0x55f ./src/main.o
 .debug_macro   0x0000000000018e59       0x54 ./src/main.o
 .debug_macro   0x0000000000018ead      0x387 ./src/stm32f4xx_hal_adc.o
 .debug_macro   0x0000000000019234      0x386 ./src/stm32f4xx_hal_msp.o
 .debug_macro   0x00000000000195ba      0x387 ./src/stm32f4xx_hal_uart.o
